============================================================
财经日历守护进程启动
启动时间: 2026-07-06 16:59:08
  • 每天早上 6:00 刷新日历 ICS
  • 事件前 5 分钟推送钉钉通知
============================================================

🧪 测试钉钉 Webhook...
钉钉通知: ✓ 发送成功
✅ Webhook 连通性正常

──────────────────────────────────────────────────
🔄 [16:59:11] 刷新日历数据...
财经日历 ICS 生成器
运行日期: 2026-07-06
日期范围: 20260705 ~ 20260713 (共9天)
数据源: rl.fx678.com

  获取 2026-07-05 ... ✅ 从 /mnt/internal/workspace/calendar/cookies.json 加载了 10 个 Cookie
0 条
  获取 2026-07-06 ... 72 条
  获取 2026-07-07 ... 85 条
  获取 2026-07-08 ... 84 条
  获取 2026-07-09 ... 92 条
  获取 2026-07-10 ... 79 条
  获取 2026-07-11 ... 23 条
  获取 2026-07-12 ... 1 条
  获取 2026-07-13 ... 已经是最新的。
[main 4f98179] 2026-07-06 16:59:24
 9 files changed, 400 insertions(+), 372 deletions(-)
 create mode 100644 nohup.out
remote: Powered by [01;33mGITEE.COM [0m[1.1.23]        
remote: Set trace flag 08437f9e        
To gitee.com:obeya/calendar.git
   51546ee..4f98179  main -> main
30 条

总计: 466 条记录
  财经数据: 466 条

美国重要性拆分:
  高重要性 (含假期，子项过滤): 45 条
  中重要性: 0 条

美国关键重要事件 (CPI/PPI/非农/FOMC/GDP/假期 + 高重要性): 3 条

中国高重要性事件: 21 条

ICS 文件已生成到根目录:
  CN.ics (40,652 bytes)
  CN_HIGH.ics (18,615 bytes)
  DE.ics (15,403 bytes)
  EU.ics (4,900 bytes)
  JP.ics (25,875 bytes)
  US.ics (168,219 bytes)
  US_HIGH.ics (38,514 bytes)
  US_KEY.ics (2,943 bytes)
推送成功！
  📋 通知队列诊断: 共 466 个符合条件事件
     🕐 定时事件: 66 | 📅 全天事件: 0
     ⭐ 重要性不符: 375 | 🌍 国家不符: 25 | 📰 类型不符: 0
     ⏳ 已过期: 2 | 🔁 跨刷新已推: 0 | 🪞 批次内重复: 0
     ✅ 进入队列: 64
📢 通知队列: 64 条待发送
⏰ 下次刷新: 2026-07-07 06:00:00
──────────────────────────────────────────────────
🔔 [21:55:00] 推送: 美国                                6月                                ISM非制造业PMI 钉钉通知: ✓ 发送成功

──────────────────────────────────────────────────
🔄 [06:00:00] 刷新日历数据...
财经日历 ICS 生成器
运行日期: 2026-07-07
日期范围: 20260706 ~ 20260714 (共9天)
数据源: rl.fx678.com

  获取 2026-07-06 ... 68 条
  获取 2026-07-07 ... 89 条
  获取 2026-07-08 ... 84 条
  获取 2026-07-09 ... 92 条
  获取 2026-07-10 ... 79 条
  获取 2026-07-11 ... 23 条
  获取 2026-07-12 ... 1 条
  获取 2026-07-13 ... 30 条
  获取 2026-07-14 ... 已经是最新的。
[main 8bd2cd4] 2026-07-07 06:00:14
 10 files changed, 1417 insertions(+), 32 deletions(-)
remote: Powered by [01;33mGITEE.COM [0m[1.1.23]        
remote: Set trace flag 82441a92        
To gitee.com:obeya/calendar.git
   4f98179..8bd2cd4  main -> main
============================================================
财经日历守护进程启动
启动时间: 2026-07-07 16:46:08
  • 每天早上 6:00 刷新日历 ICS
  • 事件前 5 分钟推送钉钉通知
============================================================

🧪 测试钉钉 Webhook...
钉钉通知: ✓ 发送成功
✅ Webhook 连通性正常

──────────────────────────────────────────────────
🔄 [16:46:12] 刷新日历数据...
财经日历 ICS 生成器
运行日期: 2026-07-07
日期范围: 20260706 ~ 20260714 (共9天)
数据源: rl.fx678.com

  获取 2026-07-06 ... ✅ 从 /mnt/internal/workspace/calendar/cookies.json 加载了 10 个 Cookie
32 条
  获取 2026-07-07 ... 39 条
  获取 2026-07-08 ... 22 条
  获取 2026-07-09 ... 45 条
  获取 2026-07-10 ... 35 条
  获取 2026-07-11 ... 6 条
  获取 2026-07-12 ... 1 条
  获取 2026-07-13 ... 13 条
  获取 2026-07-14 ... 已经是最新的。
[main 479e3cb] 2026-07-07 16:46:28
 9 files changed, 197 insertions(+), 169 deletions(-)
remote: Powered by [01;33mGITEE.COM [0m[1.1.23]        
remote: Set trace flag 064871b8        
To gitee.com:obeya/calendar.git
   c459d9b..479e3cb  main -> main
28 条

总计: 221 条记录
  财经数据: 221 条

美国重要性拆分:
  高重要性 (含假期，子项过滤): 28 条
  中重要性: 0 条

美国关键重要事件 (CPI/PPI/非农/FOMC/GDP/假期 + 高重要性): 5 条

中国高重要性事件: 22 条

ICS 文件已生成到根目录:
  CN.ics (18,039 bytes)
  CN_HIGH.ics (14,321 bytes)
  DE.ics (5,644 bytes)
  EU.ics (2,631 bytes)
  JP.ics (10,248 bytes)
  US.ics (51,754 bytes)
  US_HIGH.ics (18,799 bytes)
  US_KEY.ics (3,445 bytes)
推送成功！
  📋 通知队列诊断: 共 221 个符合条件事件
     🕐 定时事件: 28 | 📅 全天事件: 0
     ⭐ 重要性不符: 150 | 🌍 国家不符: 43 | 📰 类型不符: 0
     ⏳ 已过期: 3 | 🔁 跨刷新已推: 0 | 🪞 批次内重复: 0
     ✅ 进入队列: 25
📢 通知队列: 25 条待发送
⏰ 下次刷新: 2026-07-08 06:00:00
──────────────────────────────────────────────────
🔔 [20:10:00] 推送: 美国 截至6月20日当周 ADP就业周度发布变动 (万人) 钉钉通知: ✓ 发送成功
🔔 [20:25:00] 推送: 美国 5月 贸易帐 (亿美元) 钉钉通知: ✓ 发送成功
🔔 [23:55:00] 推送: 美国 7月 EIA月报展望-当年美国原油产量 (万桶/日) 钉钉通知: ✓ 发送成功
🔔 [04:25:00] 推送: 美国 截至7月3日当周 API原油库存变动 (万桶) 钉钉通知: ✓ 发送成功

──────────────────────────────────────────────────
🔄 [06:00:00] 刷新日历数据...
财经日历 ICS 生成器
运行日期: 2026-07-08
日期范围: 20260707 ~ 20260715 (共9天)
数据源: rl.fx678.com

  获取 2026-07-07 ... 36 条
  获取 2026-07-08 ... 27 条
  获取 2026-07-09 ... 45 条
  获取 2026-07-10 ... 35 条
  获取 2026-07-11 ... 6 条
  获取 2026-07-12 ... 1 条
  获取 2026-07-13 ... 13 条
  获取 2026-07-14 ... 28 条
  获取 2026-07-15 ... 已经是最新的。
[main eb708a3] 2026-07-08 06:00:15
 9 files changed, 730 insertions(+), 272 deletions(-)
remote: Powered by [01;33mGITEE.COM [0m[1.1.23]        
remote: Set trace flag c24320a1        
To gitee.com:obeya/calendar.git
   479e3cb..eb708a3  main -> main
41 条

总计: 232 条记录
  财经数据: 232 条

美国重要性拆分:
  高重要性 (含假期，子项过滤): 34 条
  中重要性: 0 条

美国关键重要事件 (CPI/PPI/非农/FOMC/GDP/假期 + 高重要性): 6 条

中国高重要性事件: 28 条

ICS 文件已生成到根目录:
  CN.ics (23,213 bytes)
  CN_HIGH.ics (18,228 bytes)
  DE.ics (4,260 bytes)
  EU.ics (1,563 bytes)
  JP.ics (13,037 bytes)
  US.ics (58,256 bytes)
  US_HIGH.ics (23,195 bytes)
  US_KEY.ics (4,158 bytes)
推送成功！
  📋 通知队列诊断: 共 232 个符合条件事件
     🕐 定时事件: 30 | 📅 全天事件: 0
     ⭐ 重要性不符: 152 | 🌍 国家不符: 46 | 📰 类型不符: 0
     ⏳ 已过期: 2 | 🔁 跨刷新已推: 4 | 🪞 批次内重复: 0
     ✅ 进入队列: 28
📢 通知队列: 28 条待发送
⏰ 下次刷新: 2026-07-09 06:00:00
──────────────────────────────────────────────────
  🔗 合并 2 条 @ 06:30: 美国 7月7日 SPDR黄金持仓-每日更新 (吨), 美国 7月6日 COMEX黄金库存-每日更新 (百盎司)
🔔 [06:25:00] 推送: 美国 7月7日 SPDR黄金持仓-每日更新 (吨) 等 2 条 钉钉通知: ✓ 发送成功
🔔 [21:55:00] 推送: 美国 5月 批发库存月率终值 (%) 钉钉通知: ✓ 发送成功
🔔 [22:25:00] 推送: 美国 截至7月3日当周 EIA原油库存变动 (万桶) 钉钉通知: ✓ 发送成功
  🔗 合并 2 条 @ 01:00: 美国 7月8日 10年期国债竞拍-总金额 (亿美元), 美国 7月8日 10年期国债竞拍-高收益率 (%)
🔔 [00:55:00] 推送: 美国 7月8日 10年期国债竞拍-总金额 (亿美元) 等 2 条 钉钉通知: ✓ 发送成功

──────────────────────────────────────────────────
🔄 [06:00:00] 刷新日历数据...
财经日历 ICS 生成器
运行日期: 2026-07-09
日期范围: 20260708 ~ 20260716 (共9天)
数据源: rl.fx678.com

  获取 2026-07-08 ... 21 条
  获取 2026-07-09 ... 49 条
  获取 2026-07-10 ... 35 条
  获取 2026-07-11 ... 6 条
  获取 2026-07-12 ... 1 条
  获取 2026-07-13 ... 13 条
  获取 2026-07-14 ... 28 条
  获取 2026-07-15 ... 41 条
  获取 2026-07-16 ... 已经是最新的。
[main 1914bdf] 2026-07-09 06:00:15
 9 files changed, 610 insertions(+), 470 deletions(-)
remote: Powered by [01;33mGITEE.COM [0m[1.1.23]        
remote: Set trace flag 35431e92        
To gitee.com:obeya/calendar.git
   eb708a3..1914bdf  main -> main
33 条

总计: 227 条记录
  财经数据: 227 条

美国重要性拆分:
  高重要性 (含假期，子项过滤): 36 条
  中重要性: 0 条

美国关键重要事件 (CPI/PPI/非农/FOMC/GDP/假期 + 高重要性): 8 条

中国高重要性事件: 28 条

ICS 文件已生成到根目录:
  CN.ics (23,193 bytes)
  CN_HIGH.ics (18,306 bytes)
  DE.ics (3,615 bytes)
  EU.ics (2,195 bytes)
  JP.ics (11,846 bytes)
  US.ics (61,217 bytes)
  US_HIGH.ics (24,698 bytes)
  US_KEY.ics (5,577 bytes)
推送成功！
📢 通知队列: 28 条待发送
⏰ 下次刷新: 2026-07-10 06:00:00
──────────────────────────────────────────────────
  🔗 合并 2 条 @ 06:30: 美国 7月8日 SPDR黄金持仓-每日更新 (吨), 美国 7月7日 COMEX黄金库存-每日更新 (百盎司)
🔔 [06:25:00] 推送: 美国 7月8日 SPDR黄金持仓-每日更新 (吨) 等 2 条 钉钉通知: ✓ 发送成功
🔔 [20:25:00] 推送: 美国 截至7月4日当周 初请失业金人数 (万) 钉钉通知: ✓ 发送成功
🔔 [21:55:00] 推送: 美国 6月 成屋销售年化总数 (万户) 钉钉通知: ✓ 发送成功
🔔 [04:25:00] 推送: 美国 截至7月8日 美联储资产负债表 (万亿美元) 钉钉通知: ✓ 发送成功

──────────────────────────────────────────────────
🔄 [06:00:00] 刷新日历数据...
财经日历 ICS 生成器
运行日期: 2026-07-10
日期范围: 20260709 ~ 20260717 (共9天)
数据源: rl.fx678.com

  获取 2026-07-09 ... 35 条
  获取 2026-07-10 ... 32 条
  获取 2026-07-11 ... 6 条
  获取 2026-07-12 ... 0 条
  获取 2026-07-13 ... 14 条
  获取 2026-07-14 ... 28 条
  获取 2026-07-15 ... 42 条
  获取 2026-07-16 ... 34 条
  获取 2026-07-17 ... 已经是最新的。
[main 9d51925] 2026-07-10 06:00:15
 9 files changed, 550 insertions(+), 544 deletions(-)
remote: Powered by [01;33mGITEE.COM [0m[1.1.23]        
remote: Set trace flag 5b4ade89        
To gitee.com:obeya/calendar.git
   1914bdf..9d51925  main -> main
26 条

总计: 217 条记录
  财经数据: 217 条

美国重要性拆分:
  高重要性 (含假期，子项过滤): 37 条
  中重要性: 0 条

美国关键重要事件 (CPI/PPI/非农/FOMC/GDP/假期 + 高重要性): 9 条

中国高重要性事件: 28 条

ICS 文件已生成到根目录:
  CN.ics (23,220 bytes)
  CN_HIGH.ics (18,322 bytes)
  DE.ics (3,107 bytes)
  EU.ics (4,756 bytes)
  JP.ics (8,756 bytes)
  US.ics (56,946 bytes)
  US_HIGH.ics (24,899 bytes)
  US_KEY.ics (6,151 bytes)
推送成功！
📢 通知队列: 30 条待发送
⏰ 下次刷新: 2026-07-11 06:00:00
──────────────────────────────────────────────────
  🔗 合并 2 条 @ 06:30: 美国 7月9日 SPDR黄金持仓-每日更新 (吨), 美国 7月8日 COMEX黄金库存-每日更新 (百盎司)
🔔 [06:25:00] 推送: 美国 7月9日 SPDR黄金持仓-每日更新 (吨) 等 2 条 钉钉通知: ✓ 发送成功
🔔 [00:55:00] 推送: 美国 截至7月10日当周 全美钻井总数 (口) 钉钉通知: ✓ 发送成功

──────────────────────────────────────────────────
🔄 [06:00:00] 刷新日历数据...
财经日历 ICS 生成器
运行日期: 2026-07-11
日期范围: 20260710 ~ 20260718 (共9天)
数据源: rl.fx678.com

  获取 2026-07-10 ... 25 条
  获取 2026-07-11 ... 8 条
  获取 2026-07-12 ... 0 条
  获取 2026-07-13 ... 18 条
  获取 2026-07-14 ... 30 条
  获取 2026-07-15 ... 40 条
  获取 2026-07-16 ... 34 条
  获取 2026-07-17 ... 24 条
  获取 2026-07-18 ... 已经是最新的。
[main b00aa42] 2026-07-11 06:00:14
 9 files changed, 396 insertions(+), 664 deletions(-)
remote: Powered by [01;33mGITEE.COM [0m[1.1.23]        
remote: Set trace flag 1a4da889        
To gitee.com:obeya/calendar.git
   9d51925..b00aa42  main -> main
5 条

总计: 184 条记录
  财经数据: 184 条

美国重要性拆分:
  高重要性 (含假期，子项过滤): 35 条
  中重要性: 0 条

美国关键重要事件 (CPI/PPI/非农/FOMC/GDP/假期 + 高重要性): 8 条

中国高重要性事件: 25 条

ICS 文件已生成到根目录:
  CN.ics (21,197 bytes)
  CN_HIGH.ics (16,771 bytes)
  DE.ics (2,334 bytes)
  EU.ics (4,758 bytes)
  JP.ics (5,949 bytes)
  US.ics (53,331 bytes)
  US_HIGH.ics (23,746 bytes)
  US_KEY.ics (5,480 bytes)
推送成功！
📢 通知队列: 31 条待发送
⏰ 下次刷新: 2026-07-12 06:00:00
──────────────────────────────────────────────────
  🔗 合并 2 条 @ 06:30: 美国 7月10日 SPDR黄金持仓-每日更新 (吨), 美国 7月9日 COMEX黄金库存-每日更新 (百盎司)
🔔 [06:25:00] 推送: 美国 7月10日 SPDR黄金持仓-每日更新 (吨) 等 2 条 钉钉通知: ✓ 发送成功

──────────────────────────────────────────────────
🔄 [06:00:00] 刷新日历数据...
财经日历 ICS 生成器
运行日期: 2026-07-12
日期范围: 20260711 ~ 20260719 (共9天)
数据源: rl.fx678.com

  获取 2026-07-11 ... 6 条
  获取 2026-07-12 ... 0 条
  获取 2026-07-13 ... 20 条
  获取 2026-07-14 ... 30 条
  获取 2026-07-15 ... 40 条
  获取 2026-07-16 ... 34 条
  获取 2026-07-17 ... 24 条
  获取 2026-07-18 ... 5 条
  获取 2026-07-19 ... 已经是最新的。
[main 42ef586] 2026-07-12 06:00:14
 7 files changed, 71 insertions(+), 276 deletions(-)
remote: Powered by [01;33mGITEE.COM [0m[1.1.23]        
remote: Set trace flag 26482b83        
To gitee.com:obeya/calendar.git
   b00aa42..42ef586  main -> main
0 条

总计: 159 条记录
  财经数据: 159 条

美国重要性拆分:
  高重要性 (含假期，子项过滤): 32 条
  中重要性: 0 条

美国关键重要事件 (CPI/PPI/非农/FOMC/GDP/假期 + 高重要性): 8 条

中国高重要性事件: 23 条

ICS 文件已生成到根目录:
  CN.ics (19,750 bytes)
  CN_HIGH.ics (15,532 bytes)
  DE.ics (1,487 bytes)
  EU.ics (4,758 bytes)
  JP.ics (5,396 bytes)
  US.ics (48,074 bytes)
  US_HIGH.ics (21,823 bytes)
  US_KEY.ics (5,480 bytes)
推送成功！
📢 通知队列: 29 条待发送
⏰ 下次刷新: 2026-07-13 06:00:00
──────────────────────────────────────────────────

──────────────────────────────────────────────────
🔄 [06:00:00] 刷新日历数据...
财经日历 ICS 生成器
运行日期: 2026-07-13
日期范围: 20260712 ~ 20260720 (共9天)
数据源: rl.fx678.com

  获取 2026-07-12 ... 0 条
  获取 2026-07-13 ... 20 条
  获取 2026-07-14 ... 30 条
  获取 2026-07-15 ... 40 条
  获取 2026-07-16 ... 34 条
  获取 2026-07-17 ... 24 条
  获取 2026-07-18 ... 5 条
  获取 2026-07-19 ... 0 条
  获取 2026-07-20 ... 已经是最新的。
[main 1b2910c] 2026-07-13 06:00:12
 7 files changed, 225 insertions(+), 112 deletions(-)
remote: Powered by [01;33mGITEE.COM [0m[1.1.23]        
remote: Set trace flag 6c41e88d        
To gitee.com:obeya/calendar.git
   42ef586..1b2910c  main -> main
14 条

总计: 167 条记录
  财经数据: 167 条

美国重要性拆分:
  高重要性 (含假期，子项过滤): 29 条
  中重要性: 0 条

美国关键重要事件 (CPI/PPI/非农/FOMC/GDP/假期 + 高重要性): 8 条

中国高重要性事件: 25 条

ICS 文件已生成到根目录:
  CN.ics (22,529 bytes)
  CN_HIGH.ics (16,760 bytes)
  DE.ics (2,032 bytes)
  EU.ics (5,354 bytes)
  JP.ics (5,396 bytes)
  US.ics (46,497 bytes)
  US_HIGH.ics (19,780 bytes)
  US_KEY.ics (5,480 bytes)
推送成功！
📢 通知队列: 29 条待发送
⏰ 下次刷新: 2026-07-14 06:00:00
──────────────────────────────────────────────────
🔔 [22:55:00] 推送: 美国 6月 纽约联储1年通胀预期 (%) 钉钉通知: ✓ 发送成功

──────────────────────────────────────────────────
🔄 [06:00:00] 刷新日历数据...
财经日历 ICS 生成器
运行日期: 2026-07-14
日期范围: 20260713 ~ 20260721 (共9天)
数据源: rl.fx678.com

  获取 2026-07-13 ... 12 条
  获取 2026-07-14 ... 34 条
  获取 2026-07-15 ... 40 条
  获取 2026-07-16 ... 34 条
  获取 2026-07-17 ... 26 条
  获取 2026-07-18 ... 5 条
  获取 2026-07-19 ... 0 条
  获取 2026-07-20 ... 14 条
  获取 2026-07-21 ... 已经是最新的。
[main ccee5fc] 2026-07-14 06:00:14
 8 files changed, 431 insertions(+), 189 deletions(-)
remote: Powered by [01;33mGITEE.COM [0m[1.1.23]        
remote: Set trace flag 0049e784        
To gitee.com:obeya/calendar.git
   1b2910c..ccee5fc  main -> main
20 条

总计: 185 条记录
  财经数据: 185 条

美国重要性拆分:
  高重要性 (含假期，子项过滤): 32 条
  中重要性: 0 条

美国关键重要事件 (CPI/PPI/非农/FOMC/GDP/假期 + 高重要性): 9 条

中国高重要性事件: 26 条

ICS 文件已生成到根目录:
  CN.ics (22,769 bytes)
  CN_HIGH.ics (17,331 bytes)
  DE.ics (2,629 bytes)
  EU.ics (5,970 bytes)
  JP.ics (5,396 bytes)
  US.ics (50,572 bytes)
  US_HIGH.ics (21,747 bytes)
  US_KEY.ics (6,069 bytes)
推送成功！
📢 通知队列: 31 条待发送
⏰ 下次刷新: 2026-07-15 06:00:00
──────────────────────────────────────────────────
  🔗 合并 2 条 @ 06:30: 美国 7月13日 SPDR黄金持仓-每日更新 (吨), 美国 7月10日 COMEX黄金库存-每日更新 (百盎司)
🔔 [06:25:00] 推送: 美国 7月13日 SPDR黄金持仓-每日更新 (吨) 等 2 条 钉钉通知: ✓ 发送成功
🔔 [20:10:00] 推送: 美国 截至6月27日当周 ADP就业周度发布变动 (万人) 钉钉通知: ✓ 发送成功
🔔 [20:25:00] 推送: 美国 6月 CPI年率未季调 (%) 钉钉通知: ✓ 发送成功
🔔 [03:55:00] 推送: 美国 5月 国际资本净流入 (亿美元) 钉钉通知: ✓ 发送成功
🔔 [04:25:00] 推送: 美国 截至7月10日当周 API原油库存变动 (万桶) 钉钉通知: ✓ 发送成功

──────────────────────────────────────────────────
🔄 [06:00:00] 刷新日历数据...
财经日历 ICS 生成器
运行日期: 2026-07-15
日期范围: 20260714 ~ 20260722 (共9天)
数据源: rl.fx678.com

  获取 2026-07-14 ... 29 条
  获取 2026-07-15 ... 44 条
  获取 2026-07-16 ... 34 条
  获取 2026-07-17 ... 27 条
  获取 2026-07-18 ... 5 条
  获取 2026-07-19 ... 0 条
  获取 2026-07-20 ... 14 条
  获取 2026-07-21 ... 20 条
  获取 2026-07-22 ... 已经是最新的。
[main eb0c650] 2026-07-15 06:00:15
 9 files changed, 487 insertions(+), 320 deletions(-)
remote: Powered by [01;33mGITEE.COM [0m[1.1.23]        
remote: Set trace flag 6a4a7fac        
To gitee.com:obeya/calendar.git
   ccee5fc..eb0c650  main -> main
============================================================
财经日历守护进程启动
启动时间: 2026-08-13 18:37:48
  • 每天早上 6:00 刷新日历 ICS
  • 事件前 5 分钟推送钉钉通知
============================================================

🧪 测试钉钉 Webhook...
钉钉通知: ✓ 发送成功
✅ Webhook 连通性正常

──────────────────────────────────────────────────
🔄 [18:37:48] 刷新日历数据...
财经日历 ICS 生成器
运行日期: 2026-08-13
日期范围: 20260812 ~ 20260820 (共9天)
数据源: rl.fx678.com

  获取 2026-08-12 ... ✅ 从 /mnt/internal/workspace/calendar/cookies.json 加载了 10 个 Cookie
     🗑️ 过滤 4 条 (匹配 FILTER_CONFIG)
19 条
  获取 2026-08-13 ...      🗑️ 过滤 4 条 (匹配 FILTER_CONFIG)
38 条
  获取 2026-08-14 ...      🗑️ 过滤 4 条 (匹配 FILTER_CONFIG)
37 条
  获取 2026-08-15 ...      🗑️ 过滤 2 条 (匹配 FILTER_CONFIG)
4 条
  获取 2026-08-16 ... 0 条
  获取 2026-08-17 ...      🗑️ 过滤 2 条 (匹配 FILTER_CONFIG)
34 条
  获取 2026-08-18 ...      🗑️ 过滤 4 条 (匹配 FILTER_CONFIG)
22 条
  获取 2026-08-19 ...      🗑️ 过滤 4 条 (匹配 FILTER_CONFIG)
21 条
  获取 2026-08-20 ... 已经是最新的。
[main 09ba8a8] 2026-08-13 18:38:06
 9 files changed, 226 insertions(+), 175 deletions(-)
remote: Powered by [01;33mGITEE.COM [0m[1.1.23]        
remote: Set trace flag 814899aa        
To gitee.com:obeya/calendar.git
   b52e6de..09ba8a8  main -> main
     🗑️ 过滤 4 条 (匹配 FILTER_CONFIG)
32 条

总计: 207 条记录
  财经数据: 207 条

美国重要性拆分:
  高重要性 (含假期，子项过滤): 23 条
  中重要性: 0 条

美国关键重要事件 (CPI/PPI/非农/FOMC/GDP/假期 + 高重要性): 9 条

中国高重要性事件: 10 条

ICS 文件已生成到根目录:
  CN.ics (10,878 bytes)
  CN_HIGH.ics (7,019 bytes)
  DE.ics (3,475 bytes)
  EU.ics (7,911 bytes)
  JP.ics (10,858 bytes)
  US.ics (49,335 bytes)
  US_HIGH.ics (16,327 bytes)
  US_KEY.ics (6,163 bytes)
推送成功！
  📋 通知队列诊断: 共 207 个符合条件事件
     🕐 定时事件: 63 | 📅 全天事件: 0
     ⭐ 重要性不符: 144 | 🌍 国家不符: 0 | 📰 类型不符: 0
     ⏳ 已过期: 14 | 🔁 跨刷新已推: 0 | 🪞 批次内重复: 0
     ✅ 进入队列: 49
📢 通知队列: 49 条待发送
⏰ 下次刷新: 2026-08-14 06:00:00
──────────────────────────────────────────────────
  🔗 合并 2 条 @ 20:30: 美国 7月 PPI年率 (%), 美国 截至8月8日当周 初请失业金人数 (万)
🔔 [20:25:00] 推送: 美国 7月 PPI年率 (%) 等 2 条 钉钉通知: ✓ 发送成功
🔔 [04:25:00] 推送: 美国 截至8月12日 美联储资产负债表 (万亿美元) 钉钉通知: ✓ 发送成功

──────────────────────────────────────────────────
🔄 [06:00:00] 刷新日历数据...
财经日历 ICS 生成器
运行日期: 2026-08-14
日期范围: 20260813 ~ 20260821 (共9天)
数据源: rl.fx678.com

  获取 2026-08-13 ...      🗑️ 过滤 4 条 (匹配 FILTER_CONFIG)
35 条
  获取 2026-08-14 ...      🗑️ 过滤 4 条 (匹配 FILTER_CONFIG)
40 条
  获取 2026-08-15 ...      🗑️ 过滤 2 条 (匹配 FILTER_CONFIG)
4 条
  获取 2026-08-16 ... 0 条
  获取 2026-08-17 ...      🗑️ 过滤 2 条 (匹配 FILTER_CONFIG)
34 条
  获取 2026-08-18 ...      🗑️ 过滤 4 条 (匹配 FILTER_CONFIG)
22 条
  获取 2026-08-19 ...      🗑️ 过滤 4 条 (匹配 FILTER_CONFIG)
21 条
  获取 2026-08-20 ...      🗑️ 过滤 4 条 (匹配 FILTER_CONFIG)
32 条
  获取 2026-08-21 ... 已经是最新的。
[main db12a2b] 2026-08-14 06:00:15
 7 files changed, 335 insertions(+), 302 deletions(-)
remote: Powered by [01;33mGITEE.COM [0m[1.1.23]        
remote: Set trace flag 1e48feb3        
To gitee.com:obeya/calendar.git
   09ba8a8..db12a2b  main -> main
     🗑️ 过滤 4 条 (匹配 FILTER_CONFIG)
34 条

总计: 222 条记录
  财经数据: 222 条

美国重要性拆分:
  高重要性 (含假期，子项过滤): 21 条
  中重要性: 0 条

美国关键重要事件 (CPI/PPI/非农/FOMC/GDP/假期 + 高重要性): 8 条

中国高重要性事件: 10 条

ICS 文件已生成到根目录:
  CN.ics (10,878 bytes)
  CN_HIGH.ics (7,019 bytes)
  DE.ics (3,205 bytes)
  EU.ics (10,208 bytes)
  JP.ics (12,238 bytes)
  US.ics (40,968 bytes)
  US_HIGH.ics (14,115 bytes)
  US_KEY.ics (5,459 bytes)
推送成功！
  📋 通知队列诊断: 共 222 个符合条件事件
     🕐 定时事件: 69 | 📅 全天事件: 0
     ⭐ 重要性不符: 150 | 🌍 国家不符: 0 | 📰 类型不符: 0
     ⏳ 已过期: 9 | 🔁 跨刷新已推: 3 | 🪞 批次内重复: 0
     ✅ 进入队列: 60
📢 通知队列: 60 条待发送
⏰ 下次刷新: 2026-08-15 06:00:00
──────────────────────────────────────────────────
  🔗 合并 2 条 @ 16:00: 中国 7月 M2货币供应年率 (%) (0814-0817), 中国 7月 人民币各项贷款余额年率 (%) (0814-0817)
🔔 [15:55:00] 推送: 中国 7月 M2货币供应年率 (%) (0814-0817) 等 2 条 钉钉通知: ✓ 发送成功
  🔗 合并 2 条 @ 17:00: 欧元区 6月 季调后贸易帐 (亿欧元), 欧元区 第二季度 季调后GDP季率修正值 (%)
🔔 [16:55:00] 推送: 欧元区 6月 季调后贸易帐 (亿欧元) 等 2 条 钉钉通知: ✓ 发送成功
🔔 [17:55:00] 推送: 欧元区 7月 储备资产总额 (亿欧元) 钉钉通知: ✓ 发送成功
  🔗 合并 2 条 @ 20:30: 美国 7月 零售销售月率 (%), 加拿大 6月 制造业销售月率 (%)
🔔 [20:25:00] 推送: 美国 7月 零售销售月率 (%) 等 2 条 钉钉通知: ✓ 发送成功
🔔 [21:55:00] 推送: 美国 8月 密歇根大学消费者信心指数初值 钉钉通知: ✓ 发送成功
🔔 [00:55:00] 推送: 美国 截至8月14日当周 全美钻井总数 (口) 钉钉通知: ✓ 发送成功

──────────────────────────────────────────────────
🔄 [06:00:00] 刷新日历数据...
财经日历 ICS 生成器
运行日期: 2026-08-15
日期范围: 20260814 ~ 20260822 (共9天)
数据源: rl.fx678.com

  获取 2026-08-14 ...      🗑️ 过滤 4 条 (匹配 FILTER_CONFIG)
38 条
  获取 2026-08-15 ...      🗑️ 过滤 2 条 (匹配 FILTER_CONFIG)
5 条
  获取 2026-08-16 ... 0 条
  获取 2026-08-17 ...      🗑️ 过滤 2 条 (匹配 FILTER_CONFIG)
32 条
  获取 2026-08-18 ...      🗑️ 过滤 4 条 (匹配 FILTER_CONFIG)
21 条
  获取 2026-08-19 ...      🗑️ 过滤 4 条 (匹配 FILTER_CONFIG)
20 条
  获取 2026-08-20 ...      🗑️ 过滤 4 条 (匹配 FILTER_CONFIG)
33 条
  获取 2026-08-21 ...      🗑️ 过滤 4 条 (匹配 FILTER_CONFIG)
39 条
  获取 2026-08-22 ... 已经是最新的。
[main 04516cf] 2026-08-15 06:00:14
 9 files changed, 247 insertions(+), 464 deletions(-)
remote: Powered by [01;33mGITEE.COM [0m[1.1.23]        
remote: Set trace flag 9f46799c        
To gitee.com:obeya/calendar.git
   db12a2b..04516cf  main -> main
     🗑️ 过滤 2 条 (匹配 FILTER_CONFIG)
2 条

总计: 190 条记录
  财经数据: 190 条

美国重要性拆分:
  高重要性 (含假期，子项过滤): 18 条
  中重要性: 0 条

美国关键重要事件 (CPI/PPI/非农/FOMC/GDP/假期 + 高重要性): 6 条

中国高重要性事件: 9 条

ICS 文件已生成到根目录:
  CN.ics (9,678 bytes)
  CN_HIGH.ics (6,367 bytes)
  DE.ics (3,222 bytes)
  EU.ics (9,618 bytes)
  JP.ics (10,761 bytes)
  US.ics (36,550 bytes)
  US_HIGH.ics (12,294 bytes)
  US_KEY.ics (4,207 bytes)
推送成功！
  📋 通知队列诊断: 共 190 个符合条件事件
     🕐 定时事件: 50 | 📅 全天事件: 0
     ⭐ 重要性不符: 130 | 🌍 国家不符: 0 | 📰 类型不符: 0
     ⏳ 已过期: 1 | 🔁 跨刷新已推: 10 | 🪞 批次内重复: 0
     ✅ 进入队列: 49
📢 通知队列: 49 条待发送
⏰ 下次刷新: 2026-08-16 06:00:00
──────────────────────────────────────────────────

──────────────────────────────────────────────────
🔄 [06:00:00] 刷新日历数据...
财经日历 ICS 生成器
运行日期: 2026-08-16
日期范围: 20260815 ~ 20260823 (共9天)
数据源: rl.fx678.com

  获取 2026-08-15 ...      🗑️ 过滤 2 条 (匹配 FILTER_CONFIG)
5 条
  获取 2026-08-16 ... 0 条
  获取 2026-08-17 ...      🗑️ 过滤 2 条 (匹配 FILTER_CONFIG)
32 条
  获取 2026-08-18 ...      🗑️ 过滤 4 条 (匹配 FILTER_CONFIG)
21 条
  获取 2026-08-19 ...      🗑️ 过滤 4 条 (匹配 FILTER_CONFIG)
20 条
  获取 2026-08-20 ...      🗑️ 过滤 4 条 (匹配 FILTER_CONFIG)
33 条
  获取 2026-08-21 ...      🗑️ 过滤 4 条 (匹配 FILTER_CONFIG)
39 条
  获取 2026-08-22 ...      🗑️ 过滤 2 条 (匹配 FILTER_CONFIG)
2 条
  获取 2026-08-23 ... 已经是最新的。
[main f8275b0] 2026-08-16 06:00:12
 9 files changed, 63 insertions(+), 401 deletions(-)
remote: Powered by [01;33mGITEE.COM [0m[1.1.23]        
remote: Set trace flag 7a4a109b        
To gitee.com:obeya/calendar.git
   04516cf..f8275b0  main -> main
0 条

总计: 152 条记录
  财经数据: 152 条

美国重要性拆分:
  高重要性 (含假期，子项过滤): 15 条
  中重要性: 0 条

美国关键重要事件 (CPI/PPI/非农/FOMC/GDP/假期 + 高重要性): 4 条

中国高重要性事件: 7 条

ICS 文件已生成到根目录:
  CN.ics (8,133 bytes)
  CN_HIGH.ics (4,982 bytes)
  DE.ics (2,627 bytes)
  EU.ics (6,486 bytes)
  JP.ics (9,897 bytes)
  US.ics (30,097 bytes)
  US_HIGH.ics (10,323 bytes)
  US_KEY.ics (2,814 bytes)
推送成功！
📢 通知队列: 49 条待发送
⏰ 下次刷新: 2026-08-17 06:00:00
──────────────────────────────────────────────────

──────────────────────────────────────────────────
🔄 [06:00:00] 刷新日历数据...
财经日历 ICS 生成器
运行日期: 2026-08-17
日期范围: 20260816 ~ 20260824 (共9天)
数据源: rl.fx678.com

  获取 2026-08-16 ... 0 条
  获取 2026-08-17 ...      🗑️ 过滤 2 条 (匹配 FILTER_CONFIG)
32 条
  获取 2026-08-18 ...      🗑️ 过滤 4 条 (匹配 FILTER_CONFIG)
21 条
  获取 2026-08-19 ...      🗑️ 过滤 4 条 (匹配 FILTER_CONFIG)
20 条
  获取 2026-08-20 ...      🗑️ 过滤 4 条 (匹配 FILTER_CONFIG)
33 条
  获取 2026-08-21 ...      🗑️ 过滤 4 条 (匹配 FILTER_CONFIG)
39 条
  获取 2026-08-22 ...      🗑️ 过滤 2 条 (匹配 FILTER_CONFIG)
2 条
  获取 2026-08-23 ... 0 条
  获取 2026-08-24 ... 已经是最新的。
[main 561179d] 2026-08-17 06:00:13
 4 files changed, 119 insertions(+), 48 deletions(-)
remote: Powered by [01;33mGITEE.COM [0m[1.1.23]        
remote: Set trace flag b8485b9f        
To gitee.com:obeya/calendar.git
   f8275b0..561179d  main -> main
     🗑️ 过滤 2 条 (匹配 FILTER_CONFIG)
18 条

总计: 165 条记录
  财经数据: 165 条

美国重要性拆分:
  高重要性 (含假期，子项过滤): 14 条
  中重要性: 0 条

美国关键重要事件 (CPI/PPI/非农/FOMC/GDP/假期 + 高重要性): 4 条

中国高重要性事件: 7 条

ICS 文件已生成到根目录:
  CN.ics (8,133 bytes)
  CN_HIGH.ics (4,982 bytes)
  DE.ics (3,471 bytes)
  EU.ics (6,486 bytes)
  JP.ics (9,897 bytes)
  US.ics (30,295 bytes)
  US_HIGH.ics (9,658 bytes)
  US_KEY.ics (2,814 bytes)
推送成功！
📢 通知队列: 49 条待发送
⏰ 下次刷新: 2026-08-18 06:00:00
──────────────────────────────────────────────────
🔔 [07:45:00] 推送: 日本 第二季度 季调后实际GDP季率初值 (%) 钉钉通知: ✓ 发送成功
  🔗 合并 3 条 @ 10:00: 中国 7月 城镇固定资产投资年率-年初至今 (%), 中国 7月 规模以上工业增加值年率-年初至今 (%), 中国 7月 社会消费品零售总额年率 (%)
🔔 [09:55:00] 推送: 中国 7月 城镇固定资产投资年率-年初至今 (%) 等 3 条 钉钉通知: ✓ 发送成功
🔔 [10:55:00] 推送: 中国 7月 液化天然气进口量-能源 (万吨) 钉钉通知: ✓ 发送成功
🔔 [14:05:00] 推送: 中国 7月 全社会用电量年率-每月 (%) (17-20日不定时) 钉钉通知: ✓ 发送成功
  🔗 合并 2 条 @ 20:30: 美国 8月 纽约联储制造业指数, 加拿大 7月 未季调CPI年率 (%)
🔔 [20:25:00] 推送: 美国 8月 纽约联储制造业指数 等 2 条 钉钉通知: ✓ 发送成功
🔔 [03:55:00] 推送: 美国 6月 国际资本净流入 (亿美元) 钉钉通知: ✓ 发送成功

──────────────────────────────────────────────────
🔄 [06:00:00] 刷新日历数据...
财经日历 ICS 生成器
运行日期: 2026-08-18
日期范围: 20260817 ~ 20260825 (共9天)
数据源: rl.fx678.com

  获取 2026-08-17 ...      🗑️ 过滤 2 条 (匹配 FILTER_CONFIG)
26 条
  获取 2026-08-18 ...      🗑️ 过滤 4 条 (匹配 FILTER_CONFIG)
28 条
  获取 2026-08-19 ...      🗑️ 过滤 4 条 (匹配 FILTER_CONFIG)
20 条
  获取 2026-08-20 ...      🗑️ 过滤 4 条 (匹配 FILTER_CONFIG)
33 条
  获取 2026-08-21 ...      🗑️ 过滤 4 条 (匹配 FILTER_CONFIG)
39 条
  获取 2026-08-22 ...      🗑️ 过滤 2 条 (匹配 FILTER_CONFIG)
2 条
  获取 2026-08-23 ... 0 条
  获取 2026-08-24 ...      🗑️ 过滤 2 条 (匹配 FILTER_CONFIG)
18 条
  获取 2026-08-25 ... 已经是最新的。
[main b86cc17] 2026-08-18 06:00:15
 9 files changed, 484 insertions(+), 115 deletions(-)
remote: Powered by [01;33mGITEE.COM [0m[1.1.23]        
remote: Set trace flag cc4c648d        
To gitee.com:obeya/calendar.git
   561179d..b86cc17  main -> main
     🗑️ 过滤 4 条 (匹配 FILTER_CONFIG)
24 条

总计: 190 条记录
  财经数据: 190 条

美国重要性拆分:
  高重要性 (含假期，子项过滤): 18 条
  中重要性: 0 条

美国关键重要事件 (CPI/PPI/非农/FOMC/GDP/假期 + 高重要性): 6 条

中国高重要性事件: 7 条

ICS 文件已生成到根目录:
  CN.ics (8,128 bytes)
  CN_HIGH.ics (4,997 bytes)
  DE.ics (4,897 bytes)
  EU.ics (6,488 bytes)
  JP.ics (10,665 bytes)
  US.ics (37,390 bytes)
  US_HIGH.ics (11,982 bytes)
  US_KEY.ics (3,933 bytes)
推送成功！
📢 通知队列: 49 条待发送
⏰ 下次刷新: 2026-08-19 06:00:00
──────────────────────────────────────────────────
🔔 [08:25:00] 推送: 澳大利亚 截至8月16日当周 ANZ消费者信心指数 钉钉通知: ✓ 发送成功
🔔 [10:05:00] 推送: 中国 2025年 非洲贸易指数 (不定时) 钉钉通知: ✓ 发送成功
🔔 [10:55:00] 推送: 中国 7月 液化天然气进口量-能源 (万吨) 钉钉通知: ✓ 发送成功
  🔗 合并 2 条 @ 14:00: 英国 6月 失业率-按ILO标准 (%), 英国 6月 包括红利三个月平均工资年率 (%)
🔔 [13:55:00] 推送: 英国 6月 失业率-按ILO标准 (%) 等 2 条 钉钉通知: ✓ 发送成功
🔔 [14:05:00] 推送: 中国 7月 全社会用电量年率-每月 (%) (18-20日不定时) 钉钉通知: ✓ 发送成功
  🔗 合并 2 条 @ 17:00: 欧元区 8月 ZEW经济景气指数, 德国 8月 ZEW经济景气指数
🔔 [16:55:00] 推送: 欧元区 8月 ZEW经济景气指数 等 2 条 钉钉通知: ✓ 发送成功
🔔 [20:10:00] 推送: 美国 截至8月1日当周 ADP就业周度发布变动 (万人) 钉钉通知: ✓ 发送成功
  🔗 合并 2 条 @ 20:30: 美国 7月 营建许可月率初值 (%), 美国 7月 进口物价指数月率 (%)
🔔 [20:25:00] 推送: 美国 7月 营建许可月率初值 (%) 等 2 条 钉钉通知: ✓ 发送成功
🔔 [21:10:00] 推送: 美国 7月 工业产出月率 (%) 钉钉通知: ✓ 发送成功
🔔 [21:55:00] 推送: 美国 7月 季调后成屋签约销售指数月率 (%) 钉钉通知: ✓ 发送成功
🔔 [04:25:00] 推送: 美国 截至8月14日当周 API原油库存变动 (万桶) 钉钉通知: ✓ 发送成功

──────────────────────────────────────────────────
🔄 [06:00:00] 刷新日历数据...
财经日历 ICS 生成器
运行日期: 2026-08-19
日期范围: 20260818 ~ 20260826 (共9天)
数据源: rl.fx678.com

  获取 2026-08-18 ...      🗑️ 过滤 4 条 (匹配 FILTER_CONFIG)
21 条
  获取 2026-08-19 ...      🗑️ 过滤 4 条 (匹配 FILTER_CONFIG)
27 条
  获取 2026-08-20 ...      🗑️ 过滤 4 条 (匹配 FILTER_CONFIG)
33 条
  获取 2026-08-21 ...      🗑️ 过滤 4 条 (匹配 FILTER_CONFIG)
39 条
  获取 2026-08-22 ...      🗑️ 过滤 2 条 (匹配 FILTER_CONFIG)
2 条
  获取 2026-08-23 ... 0 条
  获取 2026-08-24 ...      🗑️ 过滤 2 条 (匹配 FILTER_CONFIG)
18 条
  获取 2026-08-25 ...      🗑️ 过滤 4 条 (匹配 FILTER_CONFIG)
24 条
  获取 2026-08-26 ... 已经是最新的。
[main 4b53101] 2026-08-19 06:00:15
 9 files changed, 523 insertions(+), 356 deletions(-)
remote: Powered by [01;33mGITEE.COM [0m[1.1.23]        
remote: Set trace flag 974339b9        
To gitee.com:obeya/calendar.git
   b86cc17..4b53101  main -> main
     🗑️ 过滤 4 条 (匹配 FILTER_CONFIG)
23 条

总计: 187 条记录
  财经数据: 187 条

美国重要性拆分:
  高重要性 (含假期，子项过滤): 23 条
  中重要性: 0 条

美国关键重要事件 (CPI/PPI/非农/FOMC/GDP/假期 + 高重要性): 8 条

中国高重要性事件: 4 条

ICS 文件已生成到根目录:
  CN.ics (4,840 bytes)
  CN_HIGH.ics (2,967 bytes)
  DE.ics (4,913 bytes)
  EU.ics (6,495 bytes)
  JP.ics (8,405 bytes)
  US.ics (47,183 bytes)
  US_HIGH.ics (15,735 bytes)
  US_KEY.ics (5,423 bytes)
推送成功！
📢 通知队列: 47 条待发送
⏰ 下次刷新: 2026-08-20 06:00:00
──────────────────────────────────────────────────
🔔 [08:25:00] 推送: 澳大利亚 截至8月16日当周 ANZ消费者信心指数 钉钉通知: ✓ 发送成功
🔔 [10:05:00] 推送: 中国 2025年 非洲贸易指数 (不定时) 钉钉通知: ✓ 发送成功
  🔗 合并 3 条 @ 14:00: 英国 7月 CPI年率 (%), 英国 7月 零售物价指数年率 (%), 英国 7月 未季调输入PPI年率 (%)
🔔 [13:55:00] 推送: 英国 7月 CPI年率 (%) 等 3 条 钉钉通知: ✓ 发送成功
🔔 [14:05:00] 推送: 中国 7月 全社会用电量年率-每月 (%) (19-20日不定时) 钉钉通知: ✓ 发送成功
🔔 [16:55:00] 推送: 欧元区 7月 调和CPI年率-未季调终值 (%) 钉钉通知: ✓ 发送成功
🔔 [22:25:00] 推送: 美国 截至8月14日当周 EIA原油库存变动 (万桶) 钉钉通知: ✓ 发送成功

──────────────────────────────────────────────────
🔄 [06:00:00] 刷新日历数据...
财经日历 ICS 生成器
运行日期: 2026-08-20
日期范围: 20260819 ~ 20260827 (共9天)
数据源: rl.fx678.com

  获取 2026-08-19 ...      🗑️ 过滤 4 条 (匹配 FILTER_CONFIG)
23 条
  获取 2026-08-20 ...      🗑️ 过滤 4 条 (匹配 FILTER_CONFIG)
40 条
  获取 2026-08-21 ...      🗑️ 过滤 4 条 (匹配 FILTER_CONFIG)
39 条
  获取 2026-08-22 ...      🗑️ 过滤 2 条 (匹配 FILTER_CONFIG)
2 条
  获取 2026-08-23 ... 0 条
  获取 2026-08-24 ...      🗑️ 过滤 2 条 (匹配 FILTER_CONFIG)
18 条
  获取 2026-08-25 ...      🗑️ 过滤 4 条 (匹配 FILTER_CONFIG)
24 条
  获取 2026-08-26 ...      🗑️ 过滤 4 条 (匹配 FILTER_CONFIG)
23 条
  获取 2026-08-27 ... 已经是最新的。
